>>> add_integer = __import__("0-add_integer").add_integer
>>> add_integer(2, 5)
7

>>> add_integer(-7, 2)
-5

>>> add_integer("John", "Mary")
Traceback (most recent call last):
TypeError: a must be an integer

>>> add_integer(None)
Traceback (most recent call last):
TypeError: a must be an integer

>>> add_integer(-100, -598)
-698

>>> add_integer(45, 90.8)
135

>>> add_integer(55.654, 33.67)
88

>>> add_integer(43, "Mother")
Traceback (most recent call last):
TypeError: b must be an integer

>>> add_integer(65)
163

>>> add_integer()
Traceback (most recent call last):
TypeError: add_integer() missing 1 positional argument: 'a'

>>> add_integer(6745352884.75624435217, 577387374.354623234432)
7322740258
